<html>
<body>
<pre>
<h1>礦ision Build Log</h1>
<h2>Tool Versions:</h2>
IDE-Version: μVision V5.14.0.0
Copyright (C) 2015 ARM Ltd and ARM Germany GmbH. All rights reserved.
License Information: 1111 2235735367@qq.com, 111, LIC=----
 
Tool Versions:
Toolchain:       MDK-Lite  Version: 5.14.0.0
Toolchain Path:  F:\SoftWare1\Keil5\ARM\ARMCC\Bin
C Compiler:      Armcc.exe V5.05 update 1 (build 106)
Assembler:       Armasm.exe V5.05 update 1 (build 106)
Linker/Locator:  ArmLink.exe V5.05 update 1 (build 106)
Library Manager: ArmAr.exe V5.05 update 1 (build 106)
Hex Converter:   FromElf.exe V5.05 update 1 (build 106)
CPU DLL:         SARMCM3.DLL V5.14.0.0
Dialog DLL:      DARMSTM.DLL V1.65.0.0
Target DLL:      STLink\ST-LINKIII-KEIL_SWO.dll V2.0.14.0_KEIL
Dialog DLL:      TARMSTM.DLL V1.64.0.0
 
<h2>Project:</h2>
E:\BaiduNetdiskDownload\4，程序源码\2，标准例程-V3.5库函数版本\ALIENTEK MINISTM32 实验19 IIC实验\USER\IIC.uvprojx
Project File Date:  11/30/2019

<h2>Output:</h2>
Rebuild target 'Target 1'
compiling main.c...
main.c(22): warning:  #177-D: variable "key" was declared but never referenced
        u8 key;
main.c(23): warning:  #177-D: variable "i" was declared but never referenced
        u16 i=0;
main.c(24): warning:  #177-D: variable "datatemp" was declared but never referenced
        u8 datatemp[SIZE];
main.c: 3 warnings, 0 errors
compiling stm32f10x_it.c...
compiling system_stm32f10x.c...
compiling led.c...
compiling lcd.c...
compiling key.c...
compiling myiic.c...
compiling 24cxx.c...
compiling AS5600.c...
compiling delay.c...
compiling sys.c...
compiling usart.c...
compiling core_cm3.c...
assembling startup_stm32f10x_hd.s...
compiling stm32f10x_gpio.c...
compiling stm32f10x_rcc.c...
compiling stm32f10x_usart.c...
compiling misc.c...
linking...
Program Size: Code=10728 RO-data=512 RW-data=52 ZI-data=1836  
FromELF: creating hex file...
"..\OBJ\IIC.axf" - 0 Error(s), 3 Warning(s).

<h2>Collection of Component include folders:</h2>
  E:\BaiduNetdiskDownload\4，程序源码\2，标准例程-V3.5库函数版本\ALIENTEK MINISTM32 实验19 IIC实验\USER\RTE
  F:\SoftWare1\Keil5\ARM\PACK\Keil\STM32F1xx_DFP\1.0.5\Device\Include

<h2>Collection of Component Files used:</h2>
</pre>
</body>
</html>
